mysql -h udacity.codkvy5v4way.us-west-2.rds.amazonaws.com -P 3306 -u admin -p
Enter password:
Welcome to the MySQL monitor.  Commands end with ; or \g.
Your MySQL connection id is 34
Server version: 8.0.20 Source distribution

Copyright (c) 2000, 2020, Oracle and/or its affiliates. All rights reserved.

Oracle is a registered trademark of Oracle Corporation and/or its
affiliates. Other names may be trademarks of their respective
owners.

Type 'help;' or '\h' for help. Type '\c' to clear the current input statement.

mysql> help

For information about MySQL products and services, visit:
   http://www.mysql.com/
For developer information, including the MySQL Reference Manual, visit:
   http://dev.mysql.com/
To buy MySQL Enterprise support, training, or other products, visit:
   https://shop.mysql.com/

List of all MySQL commands:
Note that all text commands must be first on line and end with ';'
?         (\?) Synonym for `help'.
clear     (\c) Clear the current input statement.
connect   (\r) Reconnect to the server. Optional arguments are db and host.
delimiter (\d) Set statement delimiter.
edit      (\e) Edit command with $EDITOR.
ego       (\G) Send command to mysql server, display result vertically.
exit      (\q) Exit mysql. Same as quit.
go        (\g) Send command to mysql server.
help      (\h) Display this help.
nopager   (\n) Disable pager, print to stdout.
notee     (\t) Don't write into outfile.
pager     (\P) Set PAGER [to_pager]. Print the query results via PAGER.
print     (\p) Print current command.
prompt    (\R) Change your mysql prompt.
quit      (\q) Quit mysql.
rehash    (\#) Rebuild completion hash.
source    (\.) Execute an SQL script file. Takes a file name as an argument.
status    (\s) Get status information from the server.
system    (\!) Execute a system shell command.
tee       (\T) Set outfile [to_outfile]. Append everything into given outfile.
use       (\u) Use another database. Takes database name as argument.
charset   (\C) Switch to another charset. Might be needed for processing binlog with multi-byte charsets.
warnings  (\W) Show warnings after every statement.
nowarning (\w) Don't show warnings after every statement.
resetconnection(\x) Clean session context.

For server side help, type 'help contents'

mysql> SHOWDATABASES;
ERROR 1064 (42000): You have an error in your SQL syntax; check the manual that corresponds to your MySQL server version for the right syntax to use near 'SHOWDATABASE
S' at line 1
mysql> SHOW DATABASES;
+--------------------+
| Database           |
+--------------------+
| information_schema |
| mysql              |
| performance_schema |
+--------------------+
3 rows in set (0.00 sec)

mysql> CREATE TABLE t1 (id INT);
ERROR 1046 (3D000): No database selected
mysql> CREATE DATABASE proj1;
Query OK, 1 row affected (0.00 sec)

mysql> USE proj1
Database changed
mysql> CREATE TABLE t1 (id INT);
Query OK, 0 rows affected (0.03 sec)

mysql> SHOW TABLES;
+-----------------+
| Tables_in_proj1 |
+-----------------+
| t1              |
+-----------------+
1 row in set (0.00 sec)

mysql> SHOW DATABASES;
+--------------------+
| Database           |
+--------------------+
+--------------------+
| information_schema |
| mysql              |
| performance_schema |
| proj1              |
+--------------------+
4 rows in set (0.01 sec)

mysql> INSERT INTO proj1 VALUES(100);
ERROR 1146 (42S02): Table 'proj1.proj1' doesn't exist
mysql> INSERT INTO t1 VALUES(100);
Query OK, 1 row affected (0.01 sec)

mysql> SELECT * FROM t1
    -> ;
+------+
| id   |
+------+
|  100 |
+------+
1 row in set (0.00 sec)

mysql> SELECT * FROM t1;
+------+
| id   |
+------+
|  100 |
+------+
1 row in set (0.00 sec)